light_traffic.c:58:20:set_LEDS	24	static
light_traffic.c:64:20:clear_all_leds	16	static
light_traffic.c:76:6:set_new_time	4	static
light_traffic.c:87:6:init_time	4	static
light_traffic.c:96:6:init	8	static
light_traffic.c:102:6:led_red_and_green	8	static
light_traffic.c:106:6:led_red_and_yellow	8	static
light_traffic.c:110:6:led_green_and_red	8	static
light_traffic.c:114:6:led_yellow_and_red	8	static
light_traffic.c:120:6:blinking_led_red	8	static
light_traffic.c:128:6:blinking_led_green	8	static
light_traffic.c:136:6:blinking_led_yellow	8	static
light_traffic.c:144:6:blinking_red_x_green_y	8	static
light_traffic.c:152:6:blinking_red_x_yellow_y	8	static
light_traffic.c:160:6:blinking_green_x_red_y	8	static
light_traffic.c:168:6:blinking_yellow_x_red_y	8	static
light_traffic.c:174:6:blinking_green_y	8	static
light_traffic.c:178:6:blinking_yellow_y	8	static
light_traffic.c:182:6:blinking_red_y	8	static
light_traffic.c:187:6:blinking_green_x	8	static
light_traffic.c:191:6:blinking_yellow_x	8	static
light_traffic.c:195:6:blinking_red_x	8	static
light_traffic.c:199:20:set_X_green	8	static
light_traffic.c:208:20:set_X_yellow	8	static
light_traffic.c:217:20:set_X_red	8	static
light_traffic.c:227:20:set_Y_green	8	static
light_traffic.c:236:20:set_Y_yellow	8	static
light_traffic.c:245:20:set_Y_red	8	static
light_traffic.c:255:6:set_red_x_green_y	8	static
light_traffic.c:260:6:set_red_x_yellow_y	8	static
light_traffic.c:265:6:set_green_x_red_y	8	static
light_traffic.c:270:6:set_yellow_x_red_y	8	static
