Archive member included to satisfy reference by file (symbol)

a:/vi_xu_ly/stm32cubeide_1.7.0/stm32cubeide/plugins/com.st.stm32cube.ide.mcu.externaltools.gnu-tools-for-stm32.9-2020-q2-update.win32_2.0.0.202105311346/tools/bin/../lib/gcc/arm-none-eabi/9.3.1/../../../../arm-none-eabi/lib/thumb/v7-m/nofp\libc_nano.a(lib_a-errno.o)
                              ./Core/Src/syscalls.o (__errno)
a:/vi_xu_ly/stm32cubeide_1.7.0/stm32cubeide/plugins/com.st.stm32cube.ide.mcu.externaltools.gnu-tools-for-stm32.9-2020-q2-update.win32_2.0.0.202105311346/tools/bin/../lib/gcc/arm-none-eabi/9.3.1/../../../../arm-none-eabi/lib/thumb/v7-m/nofp\libc_nano.a(lib_a-exit.o)
                              a:/vi_xu_ly/stm32cubeide_1.7.0/stm32cubeide/plugins/com.st.stm32cube.ide.mcu.externaltools.gnu-tools-for-stm32.9-2020-q2-update.win32_2.0.0.202105311346/tools/bin/../lib/gcc/arm-none-eabi/9.3.1/../../../../arm-none-eabi/lib/thumb/v7-m/nofp/crt0.o (exit)
a:/vi_xu_ly/stm32cubeide_1.7.0/stm32cubeide/plugins/com.st.stm32cube.ide.mcu.externaltools.gnu-tools-for-stm32.9-2020-q2-update.win32_2.0.0.202105311346/tools/bin/../lib/gcc/arm-none-eabi/9.3.1/../../../../arm-none-eabi/lib/thumb/v7-m/nofp\libc_nano.a(lib_a-impure.o)
                              a:/vi_xu_ly/stm32cubeide_1.7.0/stm32cubeide/plugins/com.st.stm32cube.ide.mcu.externaltools.gnu-tools-for-stm32.9-2020-q2-update.win32_2.0.0.202105311346/tools/bin/../lib/gcc/arm-none-eabi/9.3.1/../../../../arm-none-eabi/lib/thumb/v7-m/nofp\libc_nano.a(lib_a-exit.o) (_global_impure_ptr)
a:/vi_xu_ly/stm32cubeide_1.7.0/stm32cubeide/plugins/com.st.stm32cube.ide.mcu.externaltools.gnu-tools-for-stm32.9-2020-q2-update.win32_2.0.0.202105311346/tools/bin/../lib/gcc/arm-none-eabi/9.3.1/../../../../arm-none-eabi/lib/thumb/v7-m/nofp\libc_nano.a(lib_a-init.o)
                              a:/vi_xu_ly/stm32cubeide_1.7.0/stm32cubeide/plugins/com.st.stm32cube.ide.mcu.externaltools.gnu-tools-for-stm32.9-2020-q2-update.win32_2.0.0.202105311346/tools/bin/../lib/gcc/arm-none-eabi/9.3.1/../../../../arm-none-eabi/lib/thumb/v7-m/nofp/crt0.o (__libc_init_array)
a:/vi_xu_ly/stm32cubeide_1.7.0/stm32cubeide/plugins/com.st.stm32cube.ide.mcu.externaltools.gnu-tools-for-stm32.9-2020-q2-update.win32_2.0.0.202105311346/tools/bin/../lib/gcc/arm-none-eabi/9.3.1/../../../../arm-none-eabi/lib/thumb/v7-m/nofp\libc_nano.a(lib_a-memset.o)
                              a:/vi_xu_ly/stm32cubeide_1.7.0/stm32cubeide/plugins/com.st.stm32cube.ide.mcu.externaltools.gnu-tools-for-stm32.9-2020-q2-update.win32_2.0.0.202105311346/tools/bin/../lib/gcc/arm-none-eabi/9.3.1/../../../../arm-none-eabi/lib/thumb/v7-m/nofp/crt0.o (memset)

Allocating common symbols
Common symbol       size              file

uwTick              0x4               ./Drivers/STM32F1xx_HAL_Driver/Src/stm32f1xx_hal.o
pFlash              0x20              ./Drivers/STM32F1xx_HAL_Driver/Src/stm32f1xx_hal_flash.o
htim2               0x48              ./Core/Src/main.o

Discarded input sections

 .text          0x0000000000000000        0x0 a:/vi_xu_ly/stm32cubeide_1.7.0/stm32cubeide/plugins/com.st.stm32cube.ide.mcu.externaltools.gnu-tools-for-stm32.9-2020-q2-update.win32_2.0.0.202105311346/tools/bin/../lib/gcc/arm-none-eabi/9.3.1/thumb/v7-m/nofp/crti.o
 .data          0x0000000000000000        0x0 a:/vi_xu_ly/stm32cubeide_1.7.0/stm32cubeide/plugins/com.st.stm32cube.ide.mcu.externaltools.gnu-tools-for-stm32.9-2020-q2-update.win32_2.0.0.202105311346/tools/bin/../lib/gcc/arm-none-eabi/9.3.1/thumb/v7-m/nofp/crti.o
 .bss           0x0000000000000000        0x0 a:/vi_xu_ly/stm32cubeide_1.7.0/stm32cubeide/plugins/com.st.stm32cube.ide.mcu.externaltools.gnu-tools-for-stm32.9-2020-q2-update.win32_2.0.0.202105311346/tools/bin/../lib/gcc/arm-none-eabi/9.3.1/thumb/v7-m/nofp/crti.o
 .data          0x0000000000000000        0x4 a:/vi_xu_ly/stm32cubeide_1.7.0/stm32cubeide/plugins/com.st.stm32cube.ide.mcu.externaltools.gnu-tools-for-stm32.9-2020-q2-update.win32_2.0.0.202105311346/tools/bin/../lib/gcc/arm-none-eabi/9.3.1/thumb/v7-m/nofp/crtbegin.o
 .text          0x0000000000000000       0x7c a:/vi_xu_ly/stm32cubeide_1.7.0/stm32cubeide/plugins/com.st.stm32cube.ide.mcu.externaltools.gnu-tools-for-stm32.9-2020-q2-update.win32_2.0.0.202105311346/tools/bin/../lib/gcc/arm-none-eabi/9.3.1/../../../../arm-none-eabi/lib/thumb/v7-m/nofp/crt0.o
 .data          0x0000000000000000        0x0 a:/vi_xu_ly/stm32cubeide_1.7.0/stm32cubeide/plugins/com.st.stm32cube.ide.mcu.externaltools.gnu-tools-for-stm32.9-2020-q2-update.win32_2.0.0.202105311346/tools/bin/../lib/gcc/arm-none-eabi/9.3.1/../../../../arm-none-eabi/lib/thumb/v7-m/nofp/crt0.o
 .bss           0x0000000000000000        0x0 a:/vi_xu_ly/stm32cubeide_1.7.0/stm32cubeide/plugins/com.st.stm32cube.ide.mcu.externaltools.gnu-tools-for-stm32.9-2020-q2-update.win32_2.0.0.202105311346/tools/bin/../lib/gcc/arm-none-eabi/9.3.1/../../../../arm-none-eabi/lib/thumb/v7-m/nofp/crt0.o
[...]
Memory Configuration

Name             Origin             Length             Attributes
RAM              0x0000000020000000 0x0000000000002800 xrw
FLASH            0x0000000008000000 0x0000000000008000 xr
*default*        0x0000000000000000 0xffffffffffffffff

Linker script and memory map

LOAD a:/vi_xu_ly/stm32cubeide_1.7.0/stm32cubeide/plugins/com.st.stm32cube.ide.mcu.externaltools.gnu-tools-for-stm32.9-2020-q2-update.win32_2.0.0.202105311346/tools/bin/../lib/gcc/arm-none-eabi/9.3.1/thumb/v7-m/nofp/crti.o
LOAD a:/vi_xu_ly/stm32cubeide_1.7.0/stm32cubeide/plugins/com.st.stm32cube.ide.mcu.externaltools.gnu-tools-for-stm32.9-2020-q2-update.win32_2.0.0.202105311346/tools/bin/../lib/gcc/arm-none-eabi/9.3.1/thumb/v7-m/nofp/crtbegin.o
LOAD a:/vi_xu_ly/stm32cubeide_1.7.0/stm32cubeide/plugins/com.st.stm32cube.ide.mcu.externaltools.gnu-tools-for-stm32.9-2020-q2-update.win32_2.0.0.202105311346/tools/bin/../lib/gcc/arm-none-eabi/9.3.1/../../../../arm-none-eabi/lib/thumb/v7-m/nofp/crt0.o
LOAD ./Core/Src/button.o
LOAD ./Core/Src/fsm_auto.o
LOAD ./Core/Src/fsm_config.o
LOAD ./Core/Src/fsm_manual.o
LOAD ./Core/Src/global.o
LOAD ./Core/Src/led7_segment.o
LOAD ./Core/Src/light_traffic.o
LOAD ./Core/Src/main.o
LOAD ./Core/Src/software_timer.o
LOAD ./Core/Src/stm32f1xx_hal_msp.o
LOAD ./Core/Src/stm32f1xx_it.o
LOAD ./Core/Src/syscalls.o
LOAD ./Core/Src/sysmem.o
LOAD ./Core/Src/system_stm32f1xx.o
LOAD ./Core/Startup/startup_stm32f103c6ux.o
LOAD ./Drivers/STM32F1xx_HAL_Driver/Src/stm32f1xx_hal.o
LOAD ./Drivers/STM32F1xx_HAL_Driver/Src/stm32f1xx_hal_cortex.o
LOAD ./Drivers/STM32F1xx_HAL_Driver/Src/stm32f1xx_hal_dma.o
LOAD ./Drivers/STM32F1xx_HAL_Driver/Src/stm32f1xx_hal_exti.o
LOAD ./Drivers/STM32F1xx_HAL_Driver/Src/stm32f1xx_hal_flash.o
LOAD ./Drivers/STM32F1xx_HAL_Driver/Src/stm32f1xx_hal_flash_ex.o
LOAD ./Drivers/STM32F1xx_HAL_Driver/Src/stm32f1xx_hal_gpio.o
LOAD ./Drivers/STM32F1xx_HAL_Driver/Src/stm32f1xx_hal_gpio_ex.o
LOAD ./Drivers/STM32F1xx_HAL_Driver/Src/stm32f1xx_hal_pwr.o
LOAD ./Drivers/STM32F1xx_HAL_Driver/Src/stm32f1xx_hal_rcc.o
LOAD ./Drivers/STM32F1xx_HAL_Driver/Src/stm32f1xx_hal_rcc_ex.o
LOAD ./Drivers/STM32F1xx_HAL_Driver/Src/stm32f1xx_hal_tim.o
LOAD ./Drivers/STM32F1xx_HAL_Driver/Src/stm32f1xx_hal_tim_ex.o
START GROUP
LOAD a:/vi_xu_ly/stm32cubeide_1.7.0/stm32cubeide/plugins/com.st.stm32cube.ide.mcu.externaltools.gnu-tools-for-stm32.9-2020-q2-update.win32_2.0.0.202105311346/tools/bin/../lib/gcc/arm-none-eabi/9.3.1/../../../../arm-none-eabi/lib/thumb/v7-m/nofp\libc_nano.a
LOAD a:/vi_xu_ly/stm32cubeide_1.7.0/stm32cubeide/plugins/com.st.stm32cube.ide.mcu.externaltools.gnu-tools-for-stm32.9-2020-q2-update.win32_2.0.0.202105311346/tools/bin/../lib/gcc/arm-none-eabi/9.3.1/../../../../arm-none-eabi/lib/thumb/v7-m/nofp\libm.a
END GROUP
START GROUP
LOAD a:/vi_xu_ly/stm32cubeide_1.7.0/stm32cubeide/plugins/com.st.stm32cube.ide.mcu.externaltools.gnu-tools-for-stm32.9-2020-q2-update.win32_2.0.0.202105311346/tools/bin/../lib/gcc/arm-none-eabi/9.3.1/thumb/v7-m/nofp\libgcc.a
LOAD a:/vi_xu_ly/stm32cubeide_1.7.0/stm32cubeide/plugins/com.st.stm32cube.ide.mcu.externaltools.gnu-tools-for-stm32.9-2020-q2-update.win32_2.0.0.202105311346/tools/bin/../lib/gcc/arm-none-eabi/9.3.1/../../../../arm-none-eabi/lib/thumb/v7-m/nofp\libc_nano.a
END GROUP
START GROUP
LOAD a:/vi_xu_ly/stm32cubeide_1.7.0/stm32cubeide/plugins/com.st.stm32cube.ide.mcu.externaltools.gnu-tools-for-stm32.9-2020-q2-update.win32_2.0.0.202105311346/tools/bin/../lib/gcc/arm-none-eabi/9.3.1/thumb/v7-m/nofp\libgcc.a
LOAD a:/vi_xu_ly/stm32cubeide_1.7.0/stm32cubeide/plugins/com.st.stm32cube.ide.mcu.externaltools.gnu-tools-for-stm32.9-2020-q2-update.win32_2.0.0.202105311346/tools/bin/../lib/gcc/arm-none-eabi/9.3.1/../../../../arm-none-eabi/lib/thumb/v7-m/nofp\libc_nano.a
LOAD a:/vi_xu_ly/stm32cubeide_1.7.0/stm32cubeide/plugins/com.st.stm32cube.ide.mcu.externaltools.gnu-tools-for-stm32.9-2020-q2-update.win32_2.0.0.202105311346/tools/bin/../lib/gcc/arm-none-eabi/9.3.1/../../../../arm-none-eabi/lib/thumb/v7-m/nofp\libnosys.a
END GROUP
START GROUP
LOAD a:/vi_xu_ly/stm32cubeide_1.7.0/stm32cubeide/plugins/com.st.stm32cube.ide.mcu.externaltools.gnu-tools-for-stm32.9-2020-q2-update.win32_2.0.0.202105311346/tools/bin/../lib/gcc/arm-none-eabi/9.3.1/thumb/v7-m/nofp\libgcc.a
LOAD a:/vi_xu_ly/stm32cubeide_1.7.0/stm32cubeide/plugins/com.st.stm32cube.ide.mcu.externaltools.gnu-tools-for-stm32.9-2020-q2-update.win32_2.0.0.202105311346/tools/bin/../lib/gcc/arm-none-eabi/9.3.1/../../../../arm-none-eabi/lib/thumb/v7-m/nofp\libc_nano.a
LOAD a:/vi_xu_ly/stm32cubeide_1.7.0/stm32cubeide/plugins/com.st.stm32cube.ide.mcu.externaltools.gnu-tools-for-stm32.9-2020-q2-update.win32_2.0.0.202105311346/tools/bin/../lib/gcc/arm-none-eabi/9.3.1/../../../../arm-none-eabi/lib/thumb/v7-m/nofp\libnosys.a
END GROUP
LOAD a:/vi_xu_ly/stm32cubeide_1.7.0/stm32cubeide/plugins/com.st.stm32cube.ide.mcu.externaltools.gnu-tools-for-stm32.9-2020-q2-update.win32_2.0.0.202105311346/tools/bin/../lib/gcc/arm-none-eabi/9.3.1/thumb/v7-m/nofp/crtend.o
LOAD a:/vi_xu_ly/stm32cubeide_1.7.0/stm32cubeide/plugins/com.st.stm32cube.ide.mcu.externaltools.gnu-tools-for-stm32.9-2020-q2-update.win32_2.0.0.202105311346/tools/bin/../lib/gcc/arm-none-eabi/9.3.1/thumb/v7-m/nofp/crtn.o
                0x0000000020002800                _estack = (ORIGIN (RAM) + LENGTH (RAM))
                0x0000000000000200                _Min_Heap_Size = 0x200
                0x0000000000000400                _Min_Stack_Size = 0x400

.isr_vector     0x0000000008000000      0x10c
                0x0000000008000000                . = ALIGN (0x4)
 *(.isr_vector)
 .isr_vector    0x0000000008000000      0x10c ./Core/Startup/startup_stm32f103c6ux.o
                0x0000000008000000                g_pfnVectors
                0x000000000800010c                . = ALIGN (0x4)

.text           0x000000000800010c     0x2fcc
                0x000000000800010c                . = ALIGN (0x4)
 *(.text)
 .text          0x000000000800010c       0x40 a:/vi_xu_ly/stm32cubeide_1.7.0/stm32cubeide/plugins/com.st.stm32cube.ide.mcu.externaltools.gnu-tools-for-stm32.9-2020-q2-update.win32_2.0.0.202105311346/tools/bin/../lib/gcc/arm-none-eabi/9.3.1/thumb/v7-m/nofp/crtbegin.o
 *(.text*)
 .text.isButton1Pressed
                0x000000000800014c       0x34 ./Core/Src/button.o
                0x000000000800014c                isButton1Pressed
 .text.getKeyInput
                0x0000000008000180      0x144 ./Core/Src/button.o
                0x0000000008000180                getKeyInput
 .text.button0_to_change_to_config
                0x00000000080002c4       0x34 ./Core/Src/fsm_auto.o
                0x00000000080002c4                button0_to_change_to_config
 .text.button2_to_change_to_manual
                0x00000000080002f8       0x34 ./Core/Src/fsm_auto.o
                0x00000000080002f8                button2_to_change_to_manual
 .text.fsm_auto_run
                0x000000000800032c      0x2a0 ./Core/Src/fsm_auto.o
                0x000000000800032c                fsm_auto_run
 .text.inc99    0x00000000080005cc       0x24 ./Core/Src/fsm_config.o
                0x00000000080005cc                inc99
 .text.config_init_new_from_current
                0x00000000080005f0       0x6c ./Core/Src/fsm_config.o
                0x00000000080005f0                config_init_new_from_current
 .text.config_handle_button1_inc_new
                0x000000000800065c      0x128 ./Core/Src/fsm_config.o
                0x000000000800065c                config_handle_button1_inc_new
 .text.config_handle_button2_commit
                0x0000000008000784       0xdc ./Core/Src/fsm_config.o
                0x0000000008000784                config_handle_button2_commit
 .text.config_handle_button0_next_state
                0x0000000008000860       0xbc ./Core/Src/fsm_config.o
                0x0000000008000860                config_handle_button0_next_state
 .text.timer2   0x000000000800091c       0x6c ./Core/Src/fsm_config.o
                0x000000000800091c                timer2
 .text.fsm_config_run
                0x0000000008000988       0xa8 ./Core/Src/fsm_config.o
                0x0000000008000988                fsm_config_run
 .text.come_back_to_auto
                0x0000000008000a30       0x24 ./Core/Src/fsm_manual.o
                0x0000000008000a30                come_back_to_auto
 .text.fsm_manual_run
                0x0000000008000a54       0xa4 ./Core/Src/fsm_manual.o
                0x0000000008000a54                fsm_manual_run
 .text.off_7SEG_X
                0x0000000008000af8       0x24 ./Core/Src/led7_segment.o
                0x0000000008000af8                off_7SEG_X
 .text.off_7SEG_Y
                0x0000000008000b1c       0x24 ./Core/Src/led7_segment.o
                0x0000000008000b1c                off_7SEG_Y
 .text.display_mode_auto
                0x0000000008000b40       0x20 ./Core/Src/led7_segment.o
                0x0000000008000b40                display_mode_auto
 .text.display_mode_edit_x
                0x0000000008000b60       0x20 ./Core/Src/led7_segment.o
                0x0000000008000b60                display_mode_edit_x
 .text.display_mode_edit_y
                0x0000000008000b80       0x20 ./Core/Src/led7_segment.o
                0x0000000008000b80                display_mode_edit_y
 .text.display_mode_set_off
                0x0000000008000ba0       0x24 ./Core/Src/led7_segment.o
                0x0000000008000ba0                display_mode_set_off
 .text.set_7SEG_X_left
                0x0000000008000bc4       0xc0 ./Core/Src/led7_segment.o
                0x0000000008000bc4                set_7SEG_X_left
 .text.set_7SEG_X
                0x0000000008000c84       0xc0 ./Core/Src/led7_segment.o
                0x0000000008000c84                set_7SEG_X
 .text.set_7SEG_Y_left
                0x0000000008000d44       0xc0 ./Core/Src/led7_segment.o
                0x0000000008000d44                set_7SEG_Y_left
 .text.set_7SEG_Y
                0x0000000008000e04       0xc0 ./Core/Src/led7_segment.o
                0x0000000008000e04                set_7SEG_Y
 .text.displaySetting_Y
                0x0000000008000ec4       0x80 ./Core/Src/led7_segment.o
                0x0000000008000ec4                displaySetting_Y
 .text.displaySetting_X
                0x0000000008000f44       0x80 ./Core/Src/led7_segment.o
                0x0000000008000f44                displaySetting_X
 .text.timer9_for_led_7x
                0x0000000008000fc4       0xdc ./Core/Src/led7_segment.o
                0x0000000008000fc4                timer9_for_led_7x
 .text.timer9_for_led_7y
                0x00000000080010a0       0xdc ./Core/Src/led7_segment.o
                0x00000000080010a0                timer9_for_led_7y
 .text.timer9_for_led_7
                0x000000000800117c       0xd0 ./Core/Src/led7_segment.o
                0x000000000800117c                timer9_for_led_7
 .text.set_counter_for_traffic_light
                0x000000000800124c       0x28 ./Core/Src/led7_segment.o
                0x000000000800124c                set_counter_for_traffic_light
 .text.set_LEDS
                0x0000000008001274       0x4c ./Core/Src/light_traffic.o
 .text.clear_all_leds
                0x00000000080012c0       0x44 ./Core/Src/light_traffic.o
 .text.set_new_time
                0x0000000008001304       0x6c ./Core/Src/light_traffic.o
                0x0000000008001304                set_new_time
 .text.init     0x0000000008001370       0x20 ./Core/Src/light_traffic.o
                0x0000000008001370                init
 .text.led_red_and_green
                0x0000000008001390       0x14 ./Core/Src/light_traffic.o
                0x0000000008001390                led_red_and_green
 .text.led_red_and_yellow
                0x00000000080013a4       0x14 ./Core/Src/light_traffic.o
                0x00000000080013a4                led_red_and_yellow
 .text.led_green_and_red
                0x00000000080013b8       0x14 ./Core/Src/light_traffic.o
                0x00000000080013b8                led_green_and_red
 .text.led_yellow_and_red
                0x00000000080013cc       0x14 ./Core/Src/light_traffic.o
                0x00000000080013cc                led_yellow_and_red
 .text.blinking_green_y
                0x00000000080013e0       0x1c ./Core/Src/light_traffic.o
                0x00000000080013e0                blinking_green_y
 .text.blinking_yellow_y
                0x00000000080013fc       0x1c ./Core/Src/light_traffic.o
                0x00000000080013fc                blinking_yellow_y
 .text.blinking_red_y
                0x0000000008001418       0x20 ./Core/Src/light_traffic.o
                0x0000000008001418                blinking_red_y
 .text.blinking_green_x
                0x0000000008001438       0x20 ./Core/Src/light_traffic.o
                0x0000000008001438                blinking_green_x
 .text.blinking_yellow_x
                0x0000000008001458       0x20 ./Core/Src/light_traffic.o
                0x0000000008001458                blinking_yellow_x
 .text.blinking_red_x
                0x0000000008001478       0x20 ./Core/Src/light_traffic.o
                0x0000000008001478                blinking_red_x
 .text.set_X_yellow
                0x0000000008001498       0x50 ./Core/Src/light_traffic.o
 .text.set_X_red
                0x00000000080014e8       0x50 ./Core/Src/light_traffic.o
 .text.set_Y_green
                0x0000000008001538       0x4c ./Core/Src/light_traffic.o
 .text.set_Y_yellow
                0x0000000008001584       0x4c ./Core/Src/light_traffic.o
 .text.set_Y_red
                0x00000000080015d0       0x4c ./Core/Src/light_traffic.o
 .text.set_red_x_green_y
                0x000000000800161c       0x10 ./Core/Src/light_traffic.o
                0x000000000800161c                set_red_x_green_y
 .text.set_red_x_yellow_y
                0x000000000800162c       0x10 ./Core/Src/light_traffic.o
                0x000000000800162c                set_red_x_yellow_y
 .text.set_yellow_x_red_y
                0x000000000800163c       0x10 ./Core/Src/light_traffic.o
                0x000000000800163c                set_yellow_x_red_y
 .text.main     0x000000000800164c       0x2c ./Core/Src/main.o
                0x000000000800164c                main
 .text.SystemClock_Config
                0x0000000008001678       0x76 ./Core/Src/main.o
                0x0000000008001678                SystemClock_Config
 *fill*         0x00000000080016ee        0x2 
 .text.MX_TIM2_Init
                0x00000000080016f0       0x98 ./Core/Src/main.o
 .text.MX_GPIO_Init
                0x0000000008001788       0xe4 ./Core/Src/main.o
 .text.HAL_TIM_PeriodElapsedCallback
                0x000000000800186c       0x18 ./Core/Src/main.o
                0x000000000800186c                HAL_TIM_PeriodElapsedCallback
 .text.Error_Handler
                0x0000000008001884        0xa ./Core/Src/main.o
                0x0000000008001884                Error_Handler
 *fill*         0x000000000800188e        0x2 
 .text.setTimer
                0x0000000008001890       0x3c ./Core/Src/software_timer.o
                0x0000000008001890                setTimer
 .text.timerRun
                0x00000000080018cc       0x60 ./Core/Src/software_timer.o
                0x00000000080018cc                timerRun
 .text.HAL_MspInit
                0x000000000800192c       0x64 ./Core/Src/stm32f1xx_hal_msp.o
                0x000000000800192c                HAL_MspInit
 .text.HAL_TIM_Base_MspInit
                0x0000000008001990       0x48 ./Core/Src/stm32f1xx_hal_msp.o
                0x0000000008001990                HAL_TIM_Base_MspInit
 .text.NMI_Handler
                0x00000000080019d8        0x6 ./Core/Src/stm32f1xx_it.o
                0x00000000080019d8                NMI_Handler
 .text.HardFault_Handler
                0x00000000080019de        0x6 ./Core/Src/stm32f1xx_it.o
                0x00000000080019de                HardFault_Handler
 .text.MemManage_Handler
                0x00000000080019e4        0x6 ./Core/Src/stm32f1xx_it.o
                0x00000000080019e4                MemManage_Handler
 .text.BusFault_Handler
                0x00000000080019ea        0x6 ./Core/Src/stm32f1xx_it.o
                0x00000000080019ea                BusFault_Handler
 .text.UsageFault_Handler
                0x00000000080019f0        0x6 ./Core/Src/stm32f1xx_it.o
                0x00000000080019f0                UsageFault_Handler
 .text.SVC_Handler
                0x00000000080019f6        0xc ./Core/Src/stm32f1xx_it.o
                0x00000000080019f6                SVC_Handler
 .text.DebugMon_Handler
                0x0000000008001a02        0xc ./Core/Src/stm32f1xx_it.o
                0x0000000008001a02                DebugMon_Handler
 .text.PendSV_Handler
                0x0000000008001a0e        0xc ./Core/Src/stm32f1xx_it.o
                0x0000000008001a0e                PendSV_Handler
 .text.SysTick_Handler
                0x0000000008001a1a        0xc ./Core/Src/stm32f1xx_it.o
                0x0000000008001a1a                SysTick_Handler
 *fill*         0x0000000008001a26        0x2 
 .text.TIM2_IRQHandler
                0x0000000008001a28       0x14 ./Core/Src/stm32f1xx_it.o
                0x0000000008001a28                TIM2_IRQHandler
 .text.SystemInit
                0x0000000008001a3c        0xc ./Core/Src/system_stm32f1xx.o
                0x0000000008001a3c                SystemInit
 .text.Reset_Handler
                0x0000000008001a48       0x48 ./Core/Startup/startup_stm32f103c6ux.o
                0x0000000008001a48                Reset_Handler
 .text.Default_Handler
                0x0000000008001a90        0x2 ./Core/Startup/startup_stm32f103c6ux.o
                0x0000000008001a90                RTC_Alarm_IRQHandler
                0x0000000008001a90                EXTI2_IRQHandler
                0x0000000008001a90                TIM1_CC_IRQHandler
                0x0000000008001a90                PVD_IRQHandler
                0x0000000008001a90                EXTI3_IRQHandler
                0x0000000008001a90                EXTI0_IRQHandler
                0x0000000008001a90                ADC1_2_IRQHandler
                0x0000000008001a90                SPI1_IRQHandler
                0x0000000008001a90                TAMPER_IRQHandler
                0x0000000008001a90                DMA1_Channel4_IRQHandler
                0x0000000008001a90                RTC_IRQHandler
                0x0000000008001a90                DMA1_Channel7_IRQHandler
                0x0000000008001a90                CAN1_RX1_IRQHandler
                0x0000000008001a90                I2C1_EV_IRQHandler
                0x0000000008001a90                DMA1_Channel6_IRQHandler
                0x0000000008001a90                TIM3_IRQHandler
                0x0000000008001a90                RCC_IRQHandler
                0x0000000008001a90                TIM1_TRG_COM_IRQHandler
                0x0000000008001a90                DMA1_Channel1_IRQHandler
                0x0000000008001a90                Default_Handler
                0x0000000008001a90                EXTI15_10_IRQHandler
                0x0000000008001a90                EXTI9_5_IRQHandler
                0x0000000008001a90                DMA1_Channel5_IRQHandler
                0x0000000008001a90                EXTI4_IRQHandler
                0x0000000008001a90                USB_LP_CAN1_RX0_IRQHandler
                0x0000000008001a90                USB_HP_CAN1_TX_IRQHandler
                0x0000000008001a90                DMA1_Channel3_IRQHandler
                0x0000000008001a90                TIM1_UP_IRQHandler
                0x0000000008001a90                WWDG_IRQHandler
                0x0000000008001a90                TIM1_BRK_IRQHandler
                0x0000000008001a90                EXTI1_IRQHandler
                0x0000000008001a90                USART2_IRQHandler
                0x0000000008001a90                DMA1_Channel2_IRQHandler
                0x0000000008001a90                CAN1_SCE_IRQHandler
                0x0000000008001a90                FLASH_IRQHandler
                0x0000000008001a90                USART1_IRQHandler
                0x0000000008001a90                I2C1_ER_IRQHandler
                0x0000000008001a90                USBWakeUp_IRQHandler
 *fill*         0x0000000008001a92        0x2 
 .text.HAL_Init
                0x0000000008001a94       0x2c ./Drivers/STM32F1xx_HAL_Driver/Src/stm32f1xx_hal.o
                0x0000000008001a94                HAL_Init
 .text.HAL_InitTick
                0x0000000008001ac0       0x60 ./Drivers/STM32F1xx_HAL_Driver/Src/stm32f1xx_hal.o
                0x0000000008001ac0                HAL_InitTick
 .text.HAL_IncTick
                0x0000000008001b20       0x24 ./Drivers/STM32F1xx_HAL_Driver/Src/stm32f1xx_hal.o
                0x0000000008001b20                HAL_IncTick
 .text.HAL_GetTick
                0x0000000008001b44       0x14 ./Drivers/STM32F1xx_HAL_Driver/Src/stm32f1xx_hal.o
                0x0000000008001b44                HAL_GetTick
 .text.__NVIC_SetPriorityGrouping
                0x0000000008001b58       0x48 ./Drivers/STM32F1xx_HAL_Driver/Src/stm32f1xx_hal_cortex.o
 .text.__NVIC_GetPriorityGrouping
                0x0000000008001ba0       0x1c ./Drivers/STM32F1xx_HAL_Driver/Src/stm32f1xx_hal_cortex.o
 .text.__NVIC_EnableIRQ
                0x0000000008001bbc       0x38 ./Drivers/STM32F1xx_HAL_Driver/Src/stm32f1xx_hal_cortex.o
 .text.__NVIC_SetPriority
                0x0000000008001bf4       0x54 ./Drivers/STM32F1xx_HAL_Driver/Src/stm32f1xx_hal_cortex.o
 .text.NVIC_EncodePriority
                0x0000000008001c48       0x64 ./Drivers/STM32F1xx_HAL_Driver/Src/stm32f1xx_hal_cortex.o
 .text.SysTick_Config
                0x0000000008001cac       0x44 ./Drivers/STM32F1xx_HAL_Driver/Src/stm32f1xx_hal_cortex.o
 .text.HAL_NVIC_SetPriorityGrouping
                0x0000000008001cf0       0x16 ./Drivers/STM32F1xx_HAL_Driver/Src/stm32f1xx_hal_cortex.o
                0x0000000008001cf0                HAL_NVIC_SetPriorityGrouping
 .text.HAL_NVIC_SetPriority
                0x0000000008001d06       0x38 ./Drivers/STM32F1xx_HAL_Driver/Src/stm32f1xx_hal_cortex.o
                0x0000000008001d06                HAL_NVIC_SetPriority
 .text.HAL_NVIC_EnableIRQ
                0x0000000008001d3e       0x1c ./Drivers/STM32F1xx_HAL_Driver/Src/stm32f1xx_hal_cortex.o
                0x0000000008001d3e                HAL_NVIC_EnableIRQ
 .text.HAL_SYSTICK_Config
                0x0000000008001d5a       0x18 ./Drivers/STM32F1xx_HAL_Driver/Src/stm32f1xx_hal_cortex.o
                0x0000000008001d5a                HAL_SYSTICK_Config
 *fill*         0x0000000008001d72        0x2 
 .text.HAL_GPIO_Init
                0x0000000008001d74      0x2f4 ./Drivers/STM32F1xx_HAL_Driver/Src/stm32f1xx_hal_gpio.o
                0x0000000008001d74                HAL_GPIO_Init
 .text.HAL_GPIO_ReadPin
                0x0000000008002068       0x2e ./Drivers/STM32F1xx_HAL_Driver/Src/stm32f1xx_hal_gpio.o
                0x0000000008002068                HAL_GPIO_ReadPin
 .text.HAL_GPIO_WritePin
                0x0000000008002096       0x30 ./Drivers/STM32F1xx_HAL_Driver/Src/stm32f1xx_hal_gpio.o
                0x0000000008002096                HAL_GPIO_WritePin
 .text.HAL_GPIO_TogglePin
                0x00000000080020c6       0x32 ./Drivers/STM32F1xx_HAL_Driver/Src/stm32f1xx_hal_gpio.o
                0x00000000080020c6                HAL_GPIO_TogglePin
 .text.HAL_RCC_OscConfig
                0x00000000080020f8      0x500 ./Drivers/STM32F1xx_HAL_Driver/Src/stm32f1xx_hal_rcc.o
                0x00000000080020f8                HAL_RCC_OscConfig
 .text.HAL_RCC_ClockConfig
                0x00000000080025f8      0x1d4 ./Drivers/STM32F1xx_HAL_Driver/Src/stm32f1xx_hal_rcc.o
                0x00000000080025f8                HAL_RCC_ClockConfig
 .text.HAL_RCC_GetSysClockFreq
                0x00000000080027cc       0xa8 ./Drivers/STM32F1xx_HAL_Driver/Src/stm32f1xx_hal_rcc.o
                0x00000000080027cc                HAL_RCC_GetSysClockFreq
 .text.RCC_Delay
                0x0000000008002874       0x3c ./Drivers/STM32F1xx_HAL_Driver/Src/stm32f1xx_hal_rcc.o
 .text.HAL_TIM_Base_Init
                0x00000000080028b0       0x9e ./Drivers/STM32F1xx_HAL_Driver/Src/stm32f1xx_hal_tim.o
                0x00000000080028b0                HAL_TIM_Base_Init
 *fill*         0x000000000800294e        0x2 
 .text.HAL_TIM_Base_Start_IT
                0x0000000008002950       0x98 ./Drivers/STM32F1xx_HAL_Driver/Src/stm32f1xx_hal_tim.o
                0x0000000008002950                HAL_TIM_Base_Start_IT
 .text.HAL_TIM_IRQHandler
                0x00000000080029e8      0x1e0 ./Drivers/STM32F1xx_HAL_Driver/Src/stm32f1xx_hal_tim.o
                0x00000000080029e8                HAL_TIM_IRQHandler
 .text.HAL_TIM_ConfigClockSource
                0x0000000008002bc8      0x18e ./Drivers/STM32F1xx_HAL_Driver/Src/stm32f1xx_hal_tim.o
                0x0000000008002bc8                HAL_TIM_ConfigClockSource
 .text.HAL_TIM_OC_DelayElapsedCallback
                0x0000000008002d56       0x12 ./Drivers/STM32F1xx_HAL_Driver/Src/stm32f1xx_hal_tim.o
                0x0000000008002d56                HAL_TIM_OC_DelayElapsedCallback
 .text.HAL_TIM_IC_CaptureCallback
                0x0000000008002d68       0x12 ./Drivers/STM32F1xx_HAL_Driver/Src/stm32f1xx_hal_tim.o
                0x0000000008002d68                HAL_TIM_IC_CaptureCallback
 .text.HAL_TIM_PWM_PulseFinishedCallback
                0x0000000008002d7a       0x12 ./Drivers/STM32F1xx_HAL_Driver/Src/stm32f1xx_hal_tim.o
                0x0000000008002d7a                HAL_TIM_PWM_PulseFinishedCallback
 .text.HAL_TIM_TriggerCallback
                0x0000000008002d8c       0x12 ./Drivers/STM32F1xx_HAL_Driver/Src/stm32f1xx_hal_tim.o
                0x0000000008002d8c                HAL_TIM_TriggerCallback
 *fill*         0x0000000008002d9e        0x2 
 .text.TIM_Base_SetConfig
                0x0000000008002da0       0xc8 ./Drivers/STM32F1xx_HAL_Driver/Src/stm32f1xx_hal_tim.o
                0x0000000008002da0                TIM_Base_SetConfig
 .text.TIM_TI1_ConfigInputStage
                0x0000000008002e68       0x5c ./Drivers/STM32F1xx_HAL_Driver/Src/stm32f1xx_hal_tim.o
 .text.TIM_TI2_ConfigInputStage
                0x0000000008002ec4       0x5e ./Drivers/STM32F1xx_HAL_Driver/Src/stm32f1xx_hal_tim.o
 .text.TIM_ITRx_SetConfig
                0x0000000008002f22       0x34 ./Drivers/STM32F1xx_HAL_Driver/Src/stm32f1xx_hal_tim.o
 .text.TIM_ETR_SetConfig
                0x0000000008002f56       0x3e ./Drivers/STM32F1xx_HAL_Driver/Src/stm32f1xx_hal_tim.o
                0x0000000008002f56                TIM_ETR_SetConfig
 .text.HAL_TIMEx_MasterConfigSynchronization
                0x0000000008002f94       0xb0 ./Drivers/STM32F1xx_HAL_Driver/Src/stm32f1xx_hal_tim_ex.o
                0x0000000008002f94                HAL_TIMEx_MasterConfigSynchronization
 .text.HAL_TIMEx_CommutCallback
                0x0000000008003044       0x12 ./Drivers/STM32F1xx_HAL_Driver/Src/stm32f1xx_hal_tim_ex.o
                0x0000000008003044                HAL_TIMEx_CommutCallback
 .text.HAL_TIMEx_BreakCallback
                0x0000000008003056       0x12 ./Drivers/STM32F1xx_HAL_Driver/Src/stm32f1xx_hal_tim_ex.o
                0x0000000008003056                HAL_TIMEx_BreakCallback
 .text.__libc_init_array
                0x0000000008003068       0x48 a:/vi_xu_ly/stm32cubeide_1.7.0/stm32cubeide/plugins/com.st.stm32cube.ide.mcu.externaltools.gnu-tools-for-stm32.9-2020-q2-update.win32_2.0.0.202105311346/tools/bin/../lib/gcc/arm-none-eabi/9.3.1/../../../../arm-none-eabi/lib/thumb/v7-m/nofp\libc_nano.a(lib_a-init.o)
                0x0000000008003068                __libc_init_array
 .text.memset   0x00000000080030b0       0x10 a:/vi_xu_ly/stm32cubeide_1.7.0/stm32cubeide/plugins/com.st.stm32cube.ide.mcu.externaltools.gnu-tools-for-stm32.9-2020-q2-update.win32_2.0.0.202105311346/tools/bin/../lib/gcc/arm-none-eabi/9.3.1/../../../../arm-none-eabi/lib/thumb/v7-m/nofp\libc_nano.a(lib_a-memset.o)
                0x00000000080030b0                memset
 *(.glue_7)
 .glue_7        0x00000000080030c0        0x0 linker stubs
 *(.glue_7t)
 .glue_7t       0x00000000080030c0        0x0 linker stubs
 *(.eh_frame)
 .eh_frame      0x00000000080030c0        0x0 a:/vi_xu_ly/stm32cubeide_1.7.0/stm32cubeide/plugins/com.st.stm32cube.ide.mcu.externaltools.gnu-tools-for-stm32.9-2020-q2-update.win32_2.0.0.202105311346/tools/bin/../lib/gcc/arm-none-eabi/9.3.1/thumb/v7-m/nofp/crtbegin.o
 *(.init)
 .init          0x00000000080030c0        0x4 a:/vi_xu_ly/stm32cubeide_1.7.0/stm32cubeide/plugins/com.st.stm32cube.ide.mcu.externaltools.gnu-tools-for-stm32.9-2020-q2-update.win32_2.0.0.202105311346/tools/bin/../lib/gcc/arm-none-eabi/9.3.1/thumb/v7-m/nofp/crti.o
                0x00000000080030c0                _init
 .init          0x00000000080030c4        0x8 a:/vi_xu_ly/stm32cubeide_1.7.0/stm32cubeide/plugins/com.st.stm32cube.ide.mcu.externaltools.gnu-tools-for-stm32.9-2020-q2-update.win32_2.0.0.202105311346/tools/bin/../lib/gcc/arm-none-eabi/9.3.1/thumb/v7-m/nofp/crtn.o
 *(.fini)
 .fini          0x00000000080030cc        0x4 a:/vi_xu_ly/stm32cubeide_1.7.0/stm32cubeide/plugins/com.st.stm32cube.ide.mcu.externaltools.gnu-tools-for-stm32.9-2020-q2-update.win32_2.0.0.202105311346/tools/bin/../lib/gcc/arm-none-eabi/9.3.1/thumb/v7-m/nofp/crti.o
                0x00000000080030cc                _fini
 .fini          0x00000000080030d0        0x8 a:/vi_xu_ly/stm32cubeide_1.7.0/stm32cubeide/plugins/com.st.stm32cube.ide.mcu.externaltools.gnu-tools-for-stm32.9-2020-q2-update.win32_2.0.0.202105311346/tools/bin/../lib/gcc/arm-none-eabi/9.3.1/thumb/v7-m/nofp/crtn.o
                0x00000000080030d8                . = ALIGN (0x4)
                0x00000000080030d8                _etext = .

.vfp11_veneer   0x00000000080030d8        0x0
 .vfp11_veneer  0x00000000080030d8        0x0 linker stubs

.v4_bx          0x00000000080030d8        0x0
 .v4_bx         0x00000000080030d8        0x0 linker stubs

.iplt           0x00000000080030d8        0x0
 .iplt          0x00000000080030d8        0x0 a:/vi_xu_ly/stm32cubeide_1.7.0/stm32cubeide/plugins/com.st.stm32cube.ide.mcu.externaltools.gnu-tools-for-stm32.9-2020-q2-update.win32_2.0.0.202105311346/tools/bin/../lib/gcc/arm-none-eabi/9.3.1/thumb/v7-m/nofp/crtbegin.o

.rodata         0x00000000080030d8       0x24
                0x00000000080030d8                . = ALIGN (0x4)
 *(.rodata)
 *(.rodata*)
 .rodata.AHBPrescTable
                0x00000000080030d8       0x10 ./Core/Src/system_stm32f1xx.o
                0x00000000080030d8                AHBPrescTable
 .rodata.aPLLMULFactorTable.6032
                0x00000000080030e8       0x10 ./Drivers/STM32F1xx_HAL_Driver/Src/stm32f1xx_hal_rcc.o
 .rodata.aPredivFactorTable.6033
                0x00000000080030f8        0x2 ./Drivers/STM32F1xx_HAL_Driver/Src/stm32f1xx_hal_rcc.o
                0x00000000080030fc                . = ALIGN (0x4)
 *fill*         0x00000000080030fa        0x2 

.rel.dyn        0x00000000080030fc        0x0
 .rel.iplt      0x00000000080030fc        0x0 a:/vi_xu_ly/stm32cubeide_1.7.0/stm32cubeide/plugins/com.st.stm32cube.ide.mcu.externaltools.gnu-tools-for-stm32.9-2020-q2-update.win32_2.0.0.202105311346/tools/bin/../lib/gcc/arm-none-eabi/9.3.1/thumb/v7-m/nofp/crtbegin.o

.ARM.extab      0x00000000080030fc        0x0
                0x00000000080030fc                . = ALIGN (0x4)
 *(.ARM.extab* .gnu.linkonce.armextab.*)
                0x00000000080030fc                . = ALIGN (0x4)

.ARM            0x00000000080030fc        0x0
                0x00000000080030fc                . = ALIGN (0x4)
                0x00000000080030fc                __exidx_start = .
 *(.ARM.exidx*)
                0x00000000080030fc                __exidx_end = .
                0x00000000080030fc                . = ALIGN (0x4)

.preinit_array  0x00000000080030fc        0x0
                0x00000000080030fc                . = ALIGN (0x4)
                0x00000000080030fc                PROVIDE (__preinit_array_start = .)
 *(.preinit_array*)
                0x00000000080030fc                PROVIDE (__preinit_array_end = .)
                0x00000000080030fc                . = ALIGN (0x4)

.init_array     0x00000000080030fc        0x4
                0x00000000080030fc                . = ALIGN (0x4)
                0x00000000080030fc                PROVIDE (__init_array_start = .)
 *(SORT_BY_NAME(.init_array.*))
 *(.init_array*)
 .init_array    0x00000000080030fc        0x4 a:/vi_xu_ly/stm32cubeide_1.7.0/stm32cubeide/plugins/com.st.stm32cube.ide.mcu.externaltools.gnu-tools-for-stm32.9-2020-q2-update.win32_2.0.0.202105311346/tools/bin/../lib/gcc/arm-none-eabi/9.3.1/thumb/v7-m/nofp/crtbegin.o
                0x0000000008003100                PROVIDE (__init_array_end = .)
                0x0000000008003100                . = ALIGN (0x4)

.fini_array     0x0000000008003100        0x4
                0x0000000008003100                . = ALIGN (0x4)
                [!provide]                        PROVIDE (__fini_array_start = .)
 *(SORT_BY_NAME(.fini_array.*))
 *(.fini_array*)
 .fini_array    0x0000000008003100        0x4 a:/vi_xu_ly/stm32cubeide_1.7.0/stm32cubeide/plugins/com.st.stm32cube.ide.mcu.externaltools.gnu-tools-for-stm32.9-2020-q2-update.win32_2.0.0.202105311346/tools/bin/../lib/gcc/arm-none-eabi/9.3.1/thumb/v7-m/nofp/crtbegin.o
                [!provide]                        PROVIDE (__fini_array_end = .)
                0x0000000008003104                . = ALIGN (0x4)
                0x0000000008003104                _sidata = LOADADDR (.data)

.data           0x0000000020000000      0x1fc load address 0x0000000008003104
                0x0000000020000000                . = ALIGN (0x4)
                0x0000000020000000                _sdata = .
 *(.data)
 *(.data*)
 .data.KeyReg0  0x0000000020000000       0x28 ./Core/Src/button.o
                0x0000000020000000                KeyReg0
 .data.KeyReg1  0x0000000020000028       0x28 ./Core/Src/button.o
                0x0000000020000028                KeyReg1
 .data.KeyReg2  0x0000000020000050       0x28 ./Core/Src/button.o
                0x0000000020000050                KeyReg2
 .data.KeyReg3  0x0000000020000078       0x28 ./Core/Src/button.o
                0x0000000020000078                KeyReg3
 .data.TimeOutForKeyPress
                0x00000000200000a0        0x4 ./Core/Src/button.o
                0x00000000200000a0                TimeOutForKeyPress
 .data.status   0x00000000200000a4        0x4 ./Core/Src/global.o
                0x00000000200000a4                status
 .data.time_red_x
                0x00000000200000a8        0x4 ./Core/Src/global.o
                0x00000000200000a8                time_red_x
 .data.time_green_x
                0x00000000200000ac        0x4 ./Core/Src/global.o
                0x00000000200000ac                time_green_x
 .data.time_yellow_x
                0x00000000200000b0        0x4 ./Core/Src/global.o
                0x00000000200000b0                time_yellow_x
 .data.time_red_new_x
                0x00000000200000b4        0x4 ./Core/Src/global.o
                0x00000000200000b4                time_red_new_x
 .data.time_green_new_x
                0x00000000200000b8        0x4 ./Core/Src/global.o
                0x00000000200000b8                time_green_new_x
 .data.time_yellow_new_x
                0x00000000200000bc        0x4 ./Core/Src/global.o
                0x00000000200000bc                time_yellow_new_x
 .data.time_red_y
                0x00000000200000c0        0x4 ./Core/Src/global.o
                0x00000000200000c0                time_red_y
 .data.time_green_y
                0x00000000200000c4        0x4 ./Core/Src/global.o
                0x00000000200000c4                time_green_y
 .data.time_yellow_y
                0x00000000200000c8        0x4 ./Core/Src/global.o
                0x00000000200000c8                time_yellow_y
 .data.time_red_new_y
                0x00000000200000cc        0x4 ./Core/Src/global.o
                0x00000000200000cc                time_red_new_y
 .data.time_green_new_y
                0x00000000200000d0        0x4 ./Core/Src/global.o
                0x00000000200000d0                time_green_new_y
 .data.time_yellow_new_y
                0x00000000200000d4        0x4 ./Core/Src/global.o
                0x00000000200000d4                time_yellow_new_y
 .data.SEG_PORTS
                0x00000000200000d8       0x38 ./Core/Src/led7_segment.o
                0x00000000200000d8                SEG_PORTS
 .data.SEG_PINS
                0x0000000020000110       0x1c ./Core/Src/led7_segment.o
                0x0000000020000110                SEG_PINS
 .data.LEDS_7SEG_state
                0x000000002000012c       0x46 ./Core/Src/led7_segment.o
                0x000000002000012c                LEDS_7SEG_state
 .data.enable_disp_x
                0x0000000020000172        0x1 ./Core/Src/led7_segment.o
                0x0000000020000172                enable_disp_x
 .data.enable_disp_y
                0x0000000020000173        0x1 ./Core/Src/led7_segment.o
                0x0000000020000173                enable_disp_y
 .data.LED_PORTS
                0x0000000020000174       0x30 ./Core/Src/light_traffic.o
                0x0000000020000174                LED_PORTS
 .data.LED_PINS
                0x00000000200001a4       0x18 ./Core/Src/light_traffic.o
                0x00000000200001a4                LED_PINS
 .data.LEDS_state
                0x00000000200001bc       0x30 ./Core/Src/light_traffic.o
                0x00000000200001bc                LEDS_state
 .data.timer_cycle
                0x00000000200001ec        0x4 ./Core/Src/software_timer.o
                0x00000000200001ec                timer_cycle
 .data.SystemCoreClock
                0x00000000200001f0        0x4 ./Core/Src/system_stm32f1xx.o
                0x00000000200001f0                SystemCoreClock
 .data.uwTickPrio
                0x00000000200001f4        0x4 ./Drivers/STM32F1xx_HAL_Driver/Src/stm32f1xx_hal.o
                0x00000000200001f4                uwTickPrio
 .data.uwTickFreq
                0x00000000200001f8        0x1 ./Drivers/STM32F1xx_HAL_Driver/Src/stm32f1xx_hal.o
                0x00000000200001f8                uwTickFreq
 *(.RamFunc)
 *(.RamFunc*)
                0x00000000200001fc                . = ALIGN (0x4)
 *fill*         0x00000000200001f9        0x3 
                0x00000000200001fc                _edata = .

.igot.plt       0x00000000200001fc        0x0 load address 0x0000000008003300
 .igot.plt      0x00000000200001fc        0x0 a:/vi_xu_ly/stm32cubeide_1.7.0/stm32cubeide/plugins/com.st.stm32cube.ide.mcu.externaltools.gnu-tools-for-stm32.9-2020-q2-update.win32_2.0.0.202105311346/tools/bin/../lib/gcc/arm-none-eabi/9.3.1/thumb/v7-m/nofp/crtbegin.o
                0x00000000200001fc                . = ALIGN (0x4)

.bss            0x00000000200001fc       0xf0 load address 0x0000000008003300
                0x00000000200001fc                _sbss = .
                0x00000000200001fc                __bss_start__ = _sbss
 *(.bss)
 .bss           0x00000000200001fc       0x1c a:/vi_xu_ly/stm32cubeide_1.7.0/stm32cubeide/plugins/com.st.stm32cube.ide.mcu.externaltools.gnu-tools-for-stm32.9-2020-q2-update.win32_2.0.0.202105311346/tools/bin/../lib/gcc/arm-none-eabi/9.3.1/thumb/v7-m/nofp/crtbegin.o
 *(.bss*)
 .bss.button1_flag
                0x0000000020000218       0x28 ./Core/Src/button.o
                0x0000000020000218                button1_flag
 .bss.counter1  0x0000000020000240        0x4 ./Core/Src/global.o
                0x0000000020000240                counter1
 .bss.counter2  0x0000000020000244        0x4 ./Core/Src/global.o
                0x0000000020000244                counter2
 .bss.count_x   0x0000000020000248        0x4 ./Core/Src/global.o
                0x0000000020000248                count_x
 .bss.count_y   0x000000002000024c        0x4 ./Core/Src/global.o
                0x000000002000024c                count_y
 .bss.timer_flag
                0x0000000020000250       0x28 ./Core/Src/software_timer.o
                0x0000000020000250                timer_flag
 .bss.timer_counter
                0x0000000020000278       0x28 ./Core/Src/software_timer.o
                0x0000000020000278                timer_counter
 *(COMMON)
 COMMON         0x00000000200002a0       0x48 ./Core/Src/main.o
                0x00000000200002a0                htim2
 COMMON         0x00000000200002e8        0x4 ./Drivers/STM32F1xx_HAL_Driver/Src/stm32f1xx_hal.o
                0x00000000200002e8                uwTick
                0x00000000200002ec                . = ALIGN (0x4)
                0x00000000200002ec                _ebss = .
                0x00000000200002ec                __bss_end__ = _ebss

._user_heap_stack
                0x00000000200002ec      0x604 load address 0x0000000008003300
                0x00000000200002f0                . = ALIGN (0x8)
 *fill*         0x00000000200002ec        0x4 
                [!provide]                        PROVIDE (end = .)
                0x00000000200002f0                PROVIDE (_end = .)
                0x00000000200004f0                . = (. + _Min_Heap_Size)
 *fill*         0x00000000200002f0      0x200 
                0x00000000200008f0                . = (. + _Min_Stack_Size)
 *fill*         0x00000000200004f0      0x400 
                0x00000000200008f0                . = ALIGN (0x8)

/DISCARD/
 libc.a(*)
 libm.a(*)
 libgcc.a(*)

.ARM.attributes
                0x0000000000000000       0x29
 *(.ARM.attributes)
 .ARM.attributes
                0x0000000000000000       0x1d a:/vi_xu_ly/stm32cubeide_1.7.0/stm32cubeide/plugins/com.st.stm32cube.ide.mcu.externaltools.gnu-tools-for-stm32.9-2020-q2-update.win32_2.0.0.202105311346/tools/bin/../lib/gcc/arm-none-eabi/9.3.1/thumb/v7-m/nofp/crti.o
 .ARM.attributes
                0x000000000000001d       0x2d a:/vi_xu_ly/stm32cubeide_1.7.0/stm32cubeide/plugins/com.st.stm32cube.ide.mcu.externaltools.gnu-tools-for-stm32.9-2020-q2-update.win32_2.0.0.202105311346/tools/bin/../lib/gcc/arm-none-eabi/9.3.1/thumb/v7-m/nofp/crtbegin.o
 .ARM.attributes
                0x000000000000004a       0x2d ./Core/Src/button.o
 .ARM.attributes
                0x0000000000000077       0x2d ./Core/Src/fsm_auto.o
 .ARM.attributes
                0x00000000000000a4       0x2d ./Core/Src/fsm_config.o
 .ARM.attributes
                0x00000000000000d1       0x2d ./Core/Src/fsm_manual.o
 .ARM.attributes
                0x00000000000000fe       0x33 ./Core/Src/global.o
 .ARM.attributes
                0x0000000000000131       0x2d ./Core/Src/led7_segment.o
 .ARM.attributes
                0x000000000000015e       0x2d ./Core/Src/light_traffic.o
 .ARM.attributes
                0x000000000000018b       0x2d ./Core/Src/main.o
 .ARM.attributes
                0x00000000000001b8       0x2d ./Core/Src/software_timer.o
 .ARM.attributes
                0x00000000000001e5       0x2d ./Core/Src/stm32f1xx_hal_msp.o
 .ARM.attributes
                0x0000000000000212       0x2d ./Core/Src/stm32f1xx_it.o
 .ARM.attributes
                0x000000000000023f       0x2d ./Core/Src/system_stm32f1xx.o
 .ARM.attributes
                0x000000000000026c       0x21 ./Core/Startup/startup_stm32f103c6ux.o
 .ARM.attributes
                0x000000000000028d       0x2d ./Drivers/STM32F1xx_HAL_Driver/Src/stm32f1xx_hal.o
 .ARM.attributes
                0x00000000000002ba       0x2d ./Drivers/STM32F1xx_HAL_Driver/Src/stm32f1xx_hal_cortex.o
 .ARM.attributes
                0x00000000000002e7       0x2d ./Drivers/STM32F1xx_HAL_Driver/Src/stm32f1xx_hal_gpio.o
 .ARM.attributes
                0x0000000000000314       0x2d ./Drivers/STM32F1xx_HAL_Driver/Src/stm32f1xx_hal_rcc.o
 .ARM.attributes
                0x0000000000000341       0x2d ./Drivers/STM32F1xx_HAL_Driver/Src/stm32f1xx_hal_tim.o
 .ARM.attributes
                0x000000000000036e       0x2d ./Drivers/STM32F1xx_HAL_Driver/Src/stm32f1xx_hal_tim_ex.o
 .ARM.attributes
                0x000000000000039b       0x2d a:/vi_xu_ly/stm32cubeide_1.7.0/stm32cubeide/plugins/com.st.stm32cube.ide.mcu.externaltools.gnu-tools-for-stm32.9-2020-q2-update.win32_2.0.0.202105311346/tools/bin/../lib/gcc/arm-none-eabi/9.3.1/../../../../arm-none-eabi/lib/thumb/v7-m/nofp\libc_nano.a(lib_a-init.o)
 .ARM.attributes
                0x00000000000003c8       0x2d a:/vi_xu_ly/stm32cubeide_1.7.0/stm32cubeide/plugins/com.st.stm32cube.ide.mcu.externaltools.gnu-tools-for-stm32.9-2020-q2-update.win32_2.0.0.202105311346/tools/bin/../lib/gcc/arm-none-eabi/9.3.1/../../../../arm-none-eabi/lib/thumb/v7-m/nofp\libc_nano.a(lib_a-memset.o)
 .ARM.attributes
                0x00000000000003f5       0x1d a:/vi_xu_ly/stm32cubeide_1.7.0/stm32cubeide/plugins/com.st.stm32cube.ide.mcu.externaltools.gnu-tools-for-stm32.9-2020-q2-update.win32_2.0.0.202105311346/tools/bin/../lib/gcc/arm-none-eabi/9.3.1/thumb/v7-m/nofp/crtn.o
OUTPUT(vxl_lab4.elf elf32-littlearm)
LOAD linker stubs
LOAD a:/vi_xu_ly/stm32cubeide_1.7.0/stm32cubeide/plugins/com.st.stm32cube.ide.mcu.externaltools.gnu-tools-for-stm32.9-2020-q2-update.win32_2.0.0.202105311346/tools/bin/../lib/gcc/arm-none-eabi/9.3.1/../../../../arm-none-eabi/lib/thumb/v7-m/nofp\libc.a
LOAD a:/vi_xu_ly/stm32cubeide_1.7.0/stm32cubeide/plugins/com.st.stm32cube.ide.mcu.externaltools.gnu-tools-for-stm32.9-2020-q2-update.win32_2.0.0.202105311346/tools/bin/../lib/gcc/arm-none-eabi/9.3.1/../../../../arm-none-eabi/lib/thumb/v7-m/nofp\libm.a
LOAD a:/vi_xu_ly/stm32cubeide_1.7.0/stm32cubeide/plugins/com.st.stm32cube.ide.mcu.externaltools.gnu-tools-for-stm32.9-2020-q2-update.win32_2.0.0.202105311346/tools/bin/../lib/gcc/arm-none-eabi/9.3.1/thumb/v7-m/nofp\libgcc.a

.debug_info     0x0000000000000000     0xade7
 .debug_info    0x0000000000000000      0x3cc ./Core/Src/button.o
 .debug_info    0x00000000000003cc      0x4a8 ./Core/Src/fsm_auto.o
 .debug_info    0x0000000000000874      0x502 ./Core/Src/fsm_config.o
 .debug_info    0x0000000000000d76      0x496 ./Core/Src/fsm_manual.o
 .debug_info    0x000000000000120c      0x582 ./Core/Src/global.o
 .debug_info    0x000000000000178e      0x6f4 ./Core/Src/led7_segment.o
 .debug_info    0x0000000000001e82      0x77f ./Core/Src/light_traffic.o
 .debug_info    0x0000000000002601      0xdf6 ./Core/Src/main.o
 .debug_info    0x00000000000033f7       0xff ./Core/Src/software_timer.o
 .debug_info    0x00000000000034f6      0xa09 ./Core/Src/stm32f1xx_hal_msp.o
 .debug_info    0x0000000000003eff      0x7b9 ./Core/Src/stm32f1xx_it.o
 .debug_info    0x00000000000046b8      0x2be ./Core/Src/system_stm32f1xx.o
 .debug_info    0x0000000000004976       0x22 ./Core/Startup/startup_stm32f103c6ux.o
 .debug_info    0x0000000000004998      0x74c ./Drivers/STM32F1xx_HAL_Driver/Src/stm32f1xx_hal.o
 .debug_info    0x00000000000050e4      0xbbe ./Drivers/STM32F1xx_HAL_Driver/Src/stm32f1xx_hal_cortex.o
 .debug_info    0x0000000000005ca2      0x701 ./Drivers/STM32F1xx_HAL_Driver/Src/stm32f1xx_hal_gpio.o
 .debug_info    0x00000000000063a3      0x893 ./Drivers/STM32F1xx_HAL_Driver/Src/stm32f1xx_hal_rcc.o
 .debug_info    0x0000000000006c36     0x2c32 ./Drivers/STM32F1xx_HAL_Driver/Src/stm32f1xx_hal_tim.o
 .debug_info    0x0000000000009868     0x157f ./Drivers/STM32F1xx_HAL_Driver/Src/stm32f1xx_hal_tim_ex.o

.debug_abbrev   0x0000000000000000     0x1fbc
 .debug_abbrev  0x0000000000000000      0x19c ./Core/Src/button.o
 .debug_abbrev  0x000000000000019c      0x13d ./Core/Src/fsm_auto.o
 .debug_abbrev  0x00000000000002d9      0x184 ./Core/Src/fsm_config.o
 .debug_abbrev  0x000000000000045d      0x125 ./Core/Src/fsm_manual.o
 .debug_abbrev  0x0000000000000582      0x116 ./Core/Src/global.o
 .debug_abbrev  0x0000000000000698      0x1cf ./Core/Src/led7_segment.o
 .debug_abbrev  0x0000000000000867      0x1b6 ./Core/Src/light_traffic.o
 .debug_abbrev  0x0000000000000a1d      0x22c ./Core/Src/main.o
 .debug_abbrev  0x0000000000000c49       0xc7 ./Core/Src/software_timer.o
 .debug_abbrev  0x0000000000000d10      0x1b7 ./Core/Src/stm32f1xx_hal_msp.o
 .debug_abbrev  0x0000000000000ec7      0x176 ./Core/Src/stm32f1xx_it.o
 .debug_abbrev  0x000000000000103d      0x14e ./Core/Src/system_stm32f1xx.o
 .debug_abbrev  0x000000000000118b       0x12 ./Core/Startup/startup_stm32f103c6ux.o
 .debug_abbrev  0x000000000000119d      0x1ed ./Drivers/STM32F1xx_HAL_Driver/Src/stm32f1xx_hal.o
 .debug_abbrev  0x000000000000138a      0x313 ./Drivers/STM32F1xx_HAL_Driver/Src/stm32f1xx_hal_cortex.o
 .debug_abbrev  0x000000000000169d      0x1e8 ./Drivers/STM32F1xx_HAL_Driver/Src/stm32f1xx_hal_gpio.o
 .debug_abbrev  0x0000000000001885      0x273 ./Drivers/STM32F1xx_HAL_Driver/Src/stm32f1xx_hal_rcc.o
 .debug_abbrev  0x0000000000001af8      0x25e ./Drivers/STM32F1xx_HAL_Driver/Src/stm32f1xx_hal_tim.o
 .debug_abbrev  0x0000000000001d56      0x266 ./Drivers/STM32F1xx_HAL_Driver/Src/stm32f1xx_hal_tim_ex.o

.debug_aranges  0x0000000000000000      0xc20
 .debug_aranges
                0x0000000000000000       0x38 ./Core/Src/button.o
 .debug_aranges
                0x0000000000000038       0x30 ./Core/Src/fsm_auto.o
 .debug_aranges
                0x0000000000000068       0x50 ./Core/Src/fsm_config.o
 .debug_aranges
                0x00000000000000b8       0x28 ./Core/Src/fsm_manual.o
 .debug_aranges
                0x00000000000000e0       0x18 ./Core/Src/global.o
 .debug_aranges
                0x00000000000000f8       0xb8 ./Core/Src/led7_segment.o
 .debug_aranges
                0x00000000000001b0      0x118 ./Core/Src/light_traffic.o
 .debug_aranges
                0x00000000000002c8       0x48 ./Core/Src/main.o
 .debug_aranges
                0x0000000000000310       0x28 ./Core/Src/software_timer.o
 .debug_aranges
                0x0000000000000338       0x30 ./Core/Src/stm32f1xx_hal_msp.o
 .debug_aranges
                0x0000000000000368       0x68 ./Core/Src/stm32f1xx_it.o
 .debug_aranges
                0x00000000000003d0       0x28 ./Core/Src/system_stm32f1xx.o
 .debug_aranges
                0x00000000000003f8       0x28 ./Core/Startup/startup_stm32f103c6ux.o
 .debug_aranges
                0x0000000000000420       0xe0 ./Drivers/STM32F1xx_HAL_Driver/Src/stm32f1xx_hal.o
 .debug_aranges
                0x0000000000000500      0x100 ./Drivers/STM32F1xx_HAL_Driver/Src/stm32f1xx_hal_cortex.o
 .debug_aranges
                0x0000000000000600       0x58 ./Drivers/STM32F1xx_HAL_Driver/Src/stm32f1xx_hal_gpio.o
 .debug_aranges
                0x0000000000000658       0x90 ./Drivers/STM32F1xx_HAL_Driver/Src/stm32f1xx_hal_rcc.o
 .debug_aranges
                0x00000000000006e8      0x3d0 ./Drivers/STM32F1xx_HAL_Driver/Src/stm32f1xx_hal_tim.o
 .debug_aranges
                0x0000000000000ab8      0x168 ./Drivers/STM32F1xx_HAL_Driver/Src/stm32f1xx_hal_tim_ex.o

.debug_ranges   0x0000000000000000      0xaf0
 .debug_ranges  0x0000000000000000       0x28 ./Core/Src/button.o
 .debug_ranges  0x0000000000000028       0x20 ./Core/Src/fsm_auto.o
 .debug_ranges  0x0000000000000048       0x40 ./Core/Src/fsm_config.o
 .debug_ranges  0x0000000000000088       0x18 ./Core/Src/fsm_manual.o
 .debug_ranges  0x00000000000000a0       0xa8 ./Core/Src/led7_segment.o
 .debug_ranges  0x0000000000000148      0x108 ./Core/Src/light_traffic.o
 .debug_ranges  0x0000000000000250       0x38 ./Core/Src/main.o
 .debug_ranges  0x0000000000000288       0x18 ./Core/Src/software_timer.o
 .debug_ranges  0x00000000000002a0       0x20 ./Core/Src/stm32f1xx_hal_msp.o
 .debug_ranges  0x00000000000002c0       0x58 ./Core/Src/stm32f1xx_it.o
 .debug_ranges  0x0000000000000318       0x18 ./Core/Src/system_stm32f1xx.o
 .debug_ranges  0x0000000000000330       0x20 ./Core/Startup/startup_stm32f103c6ux.o
 .debug_ranges  0x0000000000000350       0xd0 ./Drivers/STM32F1xx_HAL_Driver/Src/stm32f1xx_hal.o
 .debug_ranges  0x0000000000000420       0xf0 ./Drivers/STM32F1xx_HAL_Driver/Src/stm32f1xx_hal_cortex.o
 .debug_ranges  0x0000000000000510       0x48 ./Drivers/STM32F1xx_HAL_Driver/Src/stm32f1xx_hal_gpio.o
 .debug_ranges  0x0000000000000558       0x80 ./Drivers/STM32F1xx_HAL_Driver/Src/stm32f1xx_hal_rcc.o
 .debug_ranges  0x00000000000005d8      0x3c0 ./Drivers/STM32F1xx_HAL_Driver/Src/stm32f1xx_hal_tim.o
 .debug_ranges  0x0000000000000998      0x158 ./Drivers/STM32F1xx_HAL_Driver/Src/stm32f1xx_hal_tim_ex.o

.debug_macro    0x0000000000000000    0x172a6
 .debug_macro   0x0000000000000000      0x1b5 ./Core/Src/button.o
 .debug_macro   0x00000000000001b5      0xa9c ./Core/Src/button.o
 .debug_macro   0x0000000000000c51      0x215 ./Core/Src/button.o
 .debug_macro   0x0000000000000e66       0x2e ./Core/Src/button.o
 .debug_macro   0x0000000000000e94       0x22 ./Core/Src/button.o
 .debug_macro   0x0000000000000eb6       0x22 ./Core/Src/button.o
 .debug_macro   0x0000000000000ed8       0x8e ./Core/Src/button.o
 .debug_macro   0x0000000000000f66       0x51 ./Core/Src/button.o
 .debug_macro   0x0000000000000fb7      0x103 ./Core/Src/button.o
 .debug_macro   0x00000000000010ba       0x6a ./Core/Src/button.o
 .debug_macro   0x0000000000001124      0x1df ./Core/Src/button.o
 .debug_macro   0x0000000000001303       0x1c ./Core/Src/button.o
 .debug_macro   0x000000000000131f       0x22 ./Core/Src/button.o
 .debug_macro   0x0000000000001341       0xc3 ./Core/Src/button.o
 .debug_macro   0x0000000000001404      0xd23 ./Core/Src/button.o
 .debug_macro   0x0000000000002127     0xde75 ./Core/Src/button.o
 .debug_macro   0x000000000000ff9c       0x6d ./Core/Src/button.o
 .debug_macro   0x0000000000010009     0x34a2 ./Core/Src/button.o
 .debug_macro   0x00000000000134ab      0x174 ./Core/Src/button.o
 .debug_macro   0x000000000001361f       0x5c ./Core/Src/button.o
 .debug_macro   0x000000000001367b      0x5bc ./Core/Src/button.o
 .debug_macro   0x0000000000013c37      0x1b7 ./Core/Src/button.o
 .debug_macro   0x0000000000013dee      0x1cb ./Core/Src/button.o
 .debug_macro   0x0000000000013fb9      0x114 ./Core/Src/button.o
 .debug_macro   0x00000000000140cd      0x1b2 ./Core/Src/button.o
 .debug_macro   0x000000000001427f       0x27 ./Core/Src/button.o
 .debug_macro   0x00000000000142a6      0x12f ./Core/Src/button.o
 .debug_macro   0x00000000000143d5      0x1bc ./Core/Src/button.o
 .debug_macro   0x0000000000014591       0x34 ./Core/Src/button.o
 .debug_macro   0x00000000000145c5       0x3c ./Core/Src/button.o
 .debug_macro   0x0000000000014601       0x57 ./Core/Src/button.o
 .debug_macro   0x0000000000014658       0x87 ./Core/Src/button.o
 .debug_macro   0x00000000000146df      0x183 ./Core/Src/button.o
 .debug_macro   0x0000000000014862      0x140 ./Core/Src/button.o
 .debug_macro   0x00000000000149a2      0x8ed ./Core/Src/button.o
 .debug_macro   0x000000000001528f       0x69 ./Core/Src/button.o
 .debug_macro   0x00000000000152f8      0x190 ./Core/Src/button.o
 .debug_macro   0x0000000000015488       0x10 ./Core/Src/button.o
 .debug_macro   0x0000000000015498      0x201 ./Core/Src/fsm_auto.o
 .debug_macro   0x0000000000015699       0x10 ./Core/Src/fsm_auto.o
 .debug_macro   0x00000000000156a9       0x16 ./Core/Src/fsm_auto.o
 .debug_macro   0x00000000000156bf       0x8e ./Core/Src/fsm_auto.o
 .debug_macro   0x000000000001574d      0x201 ./Core/Src/fsm_config.o
 .debug_macro   0x000000000001594e      0x201 ./Core/Src/fsm_manual.o
 .debug_macro   0x0000000000015b4f      0x1fd ./Core/Src/global.o
 .debug_macro   0x0000000000015d4c      0x201 ./Core/Src/led7_segment.o
 .debug_macro   0x0000000000015f4d      0x225 ./Core/Src/light_traffic.o
 .debug_macro   0x0000000000016172      0x201 ./Core/Src/main.o
 .debug_macro   0x0000000000016373       0x1a ./Core/Src/software_timer.o
 .debug_macro   0x000000000001638d      0x1a6 ./Core/Src/stm32f1xx_hal_msp.o
 .debug_macro   0x0000000000016533      0x1b0 ./Core/Src/stm32f1xx_it.o
 .debug_macro   0x00000000000166e3      0x197 ./Core/Src/system_stm32f1xx.o
 .debug_macro   0x000000000001687a      0x1bb ./Drivers/STM32F1xx_HAL_Driver/Src/stm32f1xx_hal.o
 .debug_macro   0x0000000000016a35      0x197 ./Drivers/STM32F1xx_HAL_Driver/Src/stm32f1xx_hal_cortex.o
 .debug_macro   0x0000000000016bcc      0x202 ./Drivers/STM32F1xx_HAL_Driver/Src/stm32f1xx_hal_gpio.o
 .debug_macro   0x0000000000016dce      0x1a9 ./Drivers/STM32F1xx_HAL_Driver/Src/stm32f1xx_hal_rcc.o
 .debug_macro   0x0000000000016f77      0x198 ./Drivers/STM32F1xx_HAL_Driver/Src/stm32f1xx_hal_tim.o
 .debug_macro   0x000000000001710f      0x197 ./Drivers/STM32F1xx_HAL_Driver/Src/stm32f1xx_hal_tim_ex.o

.debug_line     0x0000000000000000     0xd0dc
 .debug_line    0x0000000000000000      0x77e ./Core/Src/button.o
 .debug_line    0x000000000000077e      0x826 ./Core/Src/fsm_auto.o
 .debug_line    0x0000000000000fa4      0x8f5 ./Core/Src/fsm_config.o
 .debug_line    0x0000000000001899      0x759 ./Core/Src/fsm_manual.o
 .debug_line    0x0000000000001ff2      0x6d8 ./Core/Src/global.o
 .debug_line    0x00000000000026ca      0xa79 ./Core/Src/led7_segment.o
 .debug_line    0x0000000000003143      0xa66 ./Core/Src/light_traffic.o
 .debug_line    0x0000000000003ba9      0x81f ./Core/Src/main.o
 .debug_line    0x00000000000043c8       0xb5 ./Core/Src/software_timer.o
 .debug_line    0x000000000000447d      0x6b9 ./Core/Src/stm32f1xx_hal_msp.o
 .debug_line    0x0000000000004b36      0x757 ./Core/Src/stm32f1xx_it.o
 .debug_line    0x000000000000528d      0x6fb ./Core/Src/system_stm32f1xx.o
 .debug_line    0x0000000000005988       0x86 ./Core/Startup/startup_stm32f103c6ux.o
 .debug_line    0x0000000000005a0e      0x928 ./Drivers/STM32F1xx_HAL_Driver/Src/stm32f1xx_hal.o
 .debug_line    0x0000000000006336      0xb10 ./Drivers/STM32F1xx_HAL_Driver/Src/stm32f1xx_hal_cortex.o
 .debug_line    0x0000000000006e46      0x9ab ./Drivers/STM32F1xx_HAL_Driver/Src/stm32f1xx_hal_gpio.o
 .debug_line    0x00000000000077f1      0xd34 ./Drivers/STM32F1xx_HAL_Driver/Src/stm32f1xx_hal_rcc.o
 .debug_line    0x0000000000008525     0x3379 ./Drivers/STM32F1xx_HAL_Driver/Src/stm32f1xx_hal_tim.o
 .debug_line    0x000000000000b89e     0x183e ./Drivers/STM32F1xx_HAL_Driver/Src/stm32f1xx_hal_tim_ex.o

.debug_str      0x0000000000000000    0x82c9c
 .debug_str     0x0000000000000000    0x7fa5c ./Core/Src/button.o
                                      0x7fd99 (size before relaxing)
 .debug_str     0x000000000007fa5c      0x394 ./Core/Src/fsm_auto.o
                                      0x800ef (size before relaxing)
 .debug_str     0x000000000007fdf0       0xae ./Core/Src/fsm_config.o
                                      0x80141 (size before relaxing)
 .debug_str     0x000000000007fe9e       0x3a ./Core/Src/fsm_manual.o
                                      0x800cd (size before relaxing)
 .debug_str     0x000000000007fed8       0x15 ./Core/Src/global.o
                                      0x800a8 (size before relaxing)
 .debug_str     0x000000000007feed      0x1a9 ./Core/Src/led7_segment.o
                                      0x80247 (size before relaxing)
 .debug_str     0x0000000000080096      0x2b4 ./Core/Src/light_traffic.o
                                      0x80354 (size before relaxing)
 .debug_str     0x000000000008034a      0x6df ./Core/Src/main.o
                                      0x80822 (size before relaxing)
 .debug_str     0x0000000000080a29       0x2f ./Core/Src/software_timer.o
                                       0x2dcc (size before relaxing)
 .debug_str     0x0000000000080a58      0x2ba ./Core/Src/stm32f1xx_hal_msp.o
                                      0x80499 (size before relaxing)
 .debug_str     0x0000000000080d12       0xcd ./Core/Src/stm32f1xx_it.o
                                      0x801fb (size before relaxing)
 .debug_str     0x0000000000080ddf       0x52 ./Core/Src/system_stm32f1xx.o
                                      0x7f758 (size before relaxing)
 .debug_str     0x0000000000080e31       0x36 ./Core/Startup/startup_stm32f103c6ux.o
                                         0x4c (size before relaxing)
 .debug_str     0x0000000000080e67      0x304 ./Drivers/STM32F1xx_HAL_Driver/Src/stm32f1xx_hal.o
                                      0x7fdaf (size before relaxing)
 .debug_str     0x000000000008116b      0x300 ./Drivers/STM32F1xx_HAL_Driver/Src/stm32f1xx_hal_cortex.o
                                      0x7fdb7 (size before relaxing)
 .debug_str     0x000000000008146b      0x316 ./Drivers/STM32F1xx_HAL_Driver/Src/stm32f1xx_hal_gpio.o
                                      0x7fb1c (size before relaxing)
 .debug_str     0x0000000000081781      0x24f ./Drivers/STM32F1xx_HAL_Driver/Src/stm32f1xx_hal_rcc.o
                                      0x7fb55 (size before relaxing)
 .debug_str     0x00000000000819d0      0xdde ./Drivers/STM32F1xx_HAL_Driver/Src/stm32f1xx_hal_tim.o
                                      0x80b3e (size before relaxing)
 .debug_str     0x00000000000827ae      0x4ee ./Drivers/STM32F1xx_HAL_Driver/Src/stm32f1xx_hal_tim_ex.o
                                      0x802df (size before relaxing)

.comment        0x0000000000000000       0x53
 .comment       0x0000000000000000       0x53 ./Core/Src/button.o
                                         0x54 (size before relaxing)
 .comment       0x0000000000000053       0x54 ./Core/Src/fsm_auto.o
 .comment       0x0000000000000053       0x54 ./Core/Src/fsm_config.o
 .comment       0x0000000000000053       0x54 ./Core/Src/fsm_manual.o
 .comment       0x0000000000000053       0x54 ./Core/Src/global.o
 .comment       0x0000000000000053       0x54 ./Core/Src/led7_segment.o
 .comment       0x0000000000000053       0x54 ./Core/Src/light_traffic.o
 .comment       0x0000000000000053       0x54 ./Core/Src/main.o
 .comment       0x0000000000000053       0x54 ./Core/Src/software_timer.o
 .comment       0x0000000000000053       0x54 ./Core/Src/stm32f1xx_hal_msp.o
 .comment       0x0000000000000053       0x54 ./Core/Src/stm32f1xx_it.o
 .comment       0x0000000000000053       0x54 ./Core/Src/system_stm32f1xx.o
 .comment       0x0000000000000053       0x54 ./Drivers/STM32F1xx_HAL_Driver/Src/stm32f1xx_hal.o
 .comment       0x0000000000000053       0x54 ./Drivers/STM32F1xx_HAL_Driver/Src/stm32f1xx_hal_cortex.o
 .comment       0x0000000000000053       0x54 ./Drivers/STM32F1xx_HAL_Driver/Src/stm32f1xx_hal_gpio.o
 .comment       0x0000000000000053       0x54 ./Drivers/STM32F1xx_HAL_Driver/Src/stm32f1xx_hal_rcc.o
 .comment       0x0000000000000053       0x54 ./Drivers/STM32F1xx_HAL_Driver/Src/stm32f1xx_hal_tim.o
 .comment       0x0000000000000053       0x54 ./Drivers/STM32F1xx_HAL_Driver/Src/stm32f1xx_hal_tim_ex.o

.debug_frame    0x0000000000000000     0x2ea8
 .debug_frame   0x0000000000000000       0xac ./Core/Src/button.o
 .debug_frame   0x00000000000000ac       0x64 ./Core/Src/fsm_auto.o
 .debug_frame   0x0000000000000110       0xe4 ./Core/Src/fsm_config.o
 .debug_frame   0x00000000000001f4       0x48 ./Core/Src/fsm_manual.o
 .debug_frame   0x000000000000023c      0x2a0 ./Core/Src/led7_segment.o
 .debug_frame   0x00000000000004dc      0x3a8 ./Core/Src/light_traffic.o
 .debug_frame   0x0000000000000884       0xd4 ./Core/Src/main.o
 .debug_frame   0x0000000000000958       0x60 ./Core/Src/software_timer.o
 .debug_frame   0x00000000000009b8       0x80 ./Core/Src/stm32f1xx_hal_msp.o
 .debug_frame   0x0000000000000a38      0x120 ./Core/Src/stm32f1xx_it.o
 .debug_frame   0x0000000000000b58       0x58 ./Core/Src/system_stm32f1xx.o
 .debug_frame   0x0000000000000bb0      0x334 ./Drivers/STM32F1xx_HAL_Driver/Src/stm32f1xx_hal.o
 .debug_frame   0x0000000000000ee4      0x428 ./Drivers/STM32F1xx_HAL_Driver/Src/stm32f1xx_hal_cortex.o
 .debug_frame   0x000000000000130c      0x14c ./Drivers/STM32F1xx_HAL_Driver/Src/stm32f1xx_hal_gpio.o
 .debug_frame   0x0000000000001458      0x218 ./Drivers/STM32F1xx_HAL_Driver/Src/stm32f1xx_hal_rcc.o
 .debug_frame   0x0000000000001670     0x11b4 ./Drivers/STM32F1xx_HAL_Driver/Src/stm32f1xx_hal_tim.o
 .debug_frame   0x0000000000002824      0x638 ./Drivers/STM32F1xx_HAL_Driver/Src/stm32f1xx_hal_tim_ex.o
 .debug_frame   0x0000000000002e5c       0x2c a:/vi_xu_ly/stm32cubeide_1.7.0/stm32cubeide/plugins/com.st.stm32cube.ide.mcu.externaltools.gnu-tools-for-stm32.9-2020-q2-update.win32_2.0.0.202105311346/tools/bin/../lib/gcc/arm-none-eabi/9.3.1/../../../../arm-none-eabi/lib/thumb/v7-m/nofp\libc_nano.a(lib_a-init.o)
 .debug_frame   0x0000000000002e88       0x20 a:/vi_xu_ly/stm32cubeide_1.7.0/stm32cubeide/plugins/com.st.stm32cube.ide.mcu.externaltools.gnu-tools-for-stm32.9-2020-q2-update.win32_2.0.0.202105311346/tools/bin/../lib/gcc/arm-none-eabi/9.3.1/../../../../arm-none-eabi/lib/thumb/v7-m/nofp\libc_nano.a(lib_a-memset.o)
