led7_segment.c:11:6:off_7SEG_X	8	static
led7_segment.c:15:6:off_7SEG_Y	8	static
led7_segment.c:19:6:display_mode_auto	4	static
led7_segment.c:23:6:display_mode_edit_x	8	static
led7_segment.c:28:6:display_mode_edit_y	8	static
led7_segment.c:33:6:display_mode_set_off	8	static
led7_segment.c:70:6:set_7SEG_X_left	16	static
led7_segment.c:85:6:set_7SEG_X	16	static
led7_segment.c:104:6:set_7SEG_Y_left	16	static
led7_segment.c:119:6:set_7SEG_Y	16	static
led7_segment.c:138:6:displaySetting_Y	16	static
led7_segment.c:159:6:displaySetting_X	16	static
led7_segment.c:183:6:timer9_for_led_7x	8	static
led7_segment.c:211:6:timer9_for_led_7y	8	static
led7_segment.c:238:6:timer9_for_led_7	8	static
led7_segment.c:274:6:set_counter_for_traffic_light	16	static
led7_segment.c:279:6:display_set_X	16	static
led7_segment.c:283:6:display_set_Y	16	static
led7_segment.c:289:9:display_get_X	4	static
led7_segment.c:290:9:display_get_Y	4	static
